<testsuites name="jest tests" tests="4" failures="0" time="3.533">
  <testsuite name="undefined" errors="0" failures="0" skipped="0" timestamp="2020-11-29T23:00:06" time="3.533" tests="4">
    <testcase classname=" Initial articles render correctly" name=" Initial articles render correctly" time="0.056">
    </testcase>
    <testcase classname=" Clicking on top renders expected articles" name=" Clicking on top renders expected articles" time="0.022">
    </testcase>
    <testcase classname=" Clicking on newest renders expected articles" name=" Clicking on newest renders expected articles" time="0.026">
    </testcase>
    <testcase classname=" Sequence of navigation clicks renders expected artices" name=" Sequence of navigation clicks renders expected artices" time="0.053">
    </testcase>
  </testsuite>
</testsuites>